0 verbose cli D:\app\nodejs\node.exe D:\app\nodejs\node_modules\npm\bin\npm-cli.js
1 info using npm@10.2.3
2 info using node@v18.19.0
3 timing npm:load:whichnode Completed in 104ms
4 timing config:load:defaults Completed in 9ms
5 timing config:load:file:D:\app\nodejs\node_modules\npm\npmrc Completed in 7ms
6 timing config:load:builtin Completed in 7ms
7 timing config:load:cli Completed in 3ms
8 timing config:load:env Completed in 4ms
9 timing config:load:project Completed in 0ms
10 timing config:load:file:C:\Users\admin\.npmrc Completed in 6ms
11 timing config:load:user Completed in 6ms
12 timing config:load:file:D:\app\nodejs\node_global\etc\npmrc Completed in 0ms
13 timing config:load:global Completed in 0ms
14 timing config:load:setEnvs Completed in 1ms
15 timing config:load Completed in 31ms
16 timing npm:load:configload Completed in 31ms
17 timing config:load:flatten Completed in 2ms
18 timing npm:load:mkdirpcache Completed in 1ms
19 timing npm:load:mkdirplogs Completed in 0ms
20 verbose title npm prefix
21 verbose argv "prefix" "--global"
22 timing npm:load:setTitle Completed in 0ms
23 timing npm:load:display Completed in 0ms
24 verbose logfile logs-max:10 dir:D:\project\bookkeeping\node_cache\_logs\2026-09-16T02_32_48_387Z-
25 verbose logfile D:\project\bookkeeping\node_cache\_logs\2026-09-16T02_32_48_387Z-debug-0.log
26 timing npm:load:logFile Completed in 32ms
27 timing npm:load:timers Completed in 0ms
28 timing npm:load:configScope Completed in 0ms
29 timing npm:load Completed in 226ms
30 timing command:prefix Completed in 3ms
31 verbose exit 0
32 timing npm Completed in 1377ms
33 info ok
